You are running Q-Chem version: 6.1.1

#
# job setting
#
local host:  node18.cluster
current dir: /home/rpaton/dftd3_examples
input file:  /home/rpaton/dftd3_examples/ibuprofen_b3lyp_qchem.inp
output file: 
nprocs     : 1
nthreads   : 16
#
# qchem installation setting
#
QC:          /opt/apps/qchem6
QCAUX:       /opt/apps/qchem6/qcaux
QCPROG:      /opt/apps/qchem6/exe/qcprog.exe_s
QCPROG_S:    /opt/apps/qchem6/exe/qcprog.exe_s
PARALLEL:    -DSERIAL
QCMPI:       seq
#
# qchem directory setting
#
qcrun:       qchem4084566
QCSCRATCH:   /tmp
QCLOCALSCR:  
QCTMPDIR:    /tmp
QCFILEPREF:  /tmp/qchem4084566
QCSAVEDIR:   
workdirs:    /tmp/qchem4084566
workdir0:    /tmp/qchem4084566
partmpdirs =  
#
# parallel setting
#
QCRSH:           /bin/ssh
QCMPI:           seq
QCMPIRUN:        
QCMACHINEFILE:   /tmp/qchem4084566/hostfile
node18

#
# env setting
#
exported envs:   QC QCAUX QCSCRATCH QCRUNNAME QCFILEPREF QCPROG QCPROG_S GUIFILE

Running Job 1 of 1 /home/rpaton/dftd3_examples/ibuprofen_b3lyp_qchem.inp
qchem /home/rpaton/dftd3_examples/ibuprofen_b3lyp_qchem.inp_4084566.0 /tmp/qchem4084566/ 1
/opt/apps/qchem6/exe/qcprog.exe_s /home/rpaton/dftd3_examples/ibuprofen_b3lyp_qchem.inp_4084566.0 /tmp/qchem4084566/
                  Welcome to Q-Chem
     A Quantum Leap Into The Future Of Chemistry


 Q-Chem 6.1, Q-Chem, Inc., Pleasanton, CA (2023)

 E. Epifanovsky,  A. T. B. Gilbert,  Xintian Feng,  Joonho Lee,  Yuezhi Mao,  
 N. Mardirossian,  P. Pokhilko,  A. White,  M. Wormit,  M. P. Coons,  
 A. L. Dempwolff,  Zhengting Gan,  D. Hait,  P. R. Horn,  L. D. Jacobson,  
 I. Kaliman,  J. Kussmann,  A. W. Lange,  Ka Un Lao,  D. S. Levine,  Jie Liu,  
 S. C. McKenzie,  A. F. Morrison,  K. D. Nanda,  F. Plasser,  D. R. Rehn,  
 M. L. Vidal,  Zhi-Qiang You,  Ying Zhu,  B. Alam,  B. Albrecht,  
 A. Aldossary,  E. Alguire,  J. H. Andersen,  V. Athavale,  D. Barton,  
 K. Begam,  A. Behn,  N. Bellonzi,  Y. A. Bernard,  E. J. Berquist,  
 H. Burton,  A. Carreras,  K. Carter-Fenk,  Mathew Chow,  Romit Chakraborty,  
 Chandrima Chakravarty,  Junhan Chen,  A. D. Chien,  K. D. Closser,  
 V. Cofer-Shabica,  L. Cunha,  S. Dasgupta,  Jia Deng,  M. de Wergifosse,  
 M. Diedenhofen,  Hainam Do,  S. Ehlert,  Po-Tung Fang,  S. Fatehi,  
 Qingguo Feng,  T. Friedhoff,  Thomas Froitzheim,  B. Ganoe,  J. Gayvert,  
 Qinghui Ge,  G. Gidofalvi,  M. Gimferrer,  M. Goldey,  Montgomery Gray,  
 J. Gomes,  C. Gonzalez-Espinoza,  S. Gulania,  A. Gunina,  J. A. Gyamfi,  
 M. W. D. Hanson-Heine,  P. H. P. Harbach,  A. W. Hauser,  M. F. Herbst,  
 M. Hernandez Vera,  M. Hodecker,  Z. C. Holden,  S. Houck,  Xunkun Huang,  
 Kerwin Hui,  B. C. Huynh,  K. Ikeda,  M. Ivanov,  Hyunjun Ji,  Zuxin Jin,  
 Hanjie Jiang,  Subrata Jana,  B. Kaduk,  S. Kaehler,  R. Kang,  
 K. Khistyaev,  Jaehoon Kim,  Yongbin Kim,  P. Klunzinger,  Z. Koczor-Benda,  
 Joong Hoon Koh,  D. Kosenkov,  Saikiran Kotaru,  L. Koulias,  T. Kowalczyk,  
 C. M. Krauter,  K. Kue,  A. Kunitsa,  T. Kus,  A. Landau,  K. V. Lawler,  
 D. Lefrancois,  S. Lehtola,  Rain Li,  Shaozhi Li,  Yi-Pei Li,  
 Jiashu Liang,  M. Liebenthal,  Hung-Hsuan Lin,  You-Sheng Lin,  Fenglai Liu,  
 Kuan-Yu Liu,  Xiao Liu,  M. Loipersberger,  A. Luenser,  C. Malbon,  
 A. Manjanath,  P. Manohar,  E. Mansoor,  S. F. Manzer,  Shan-Ping Mao,  
 A. V. Marenich,  T. Markovich,  S. Mason,  F. Matz,  S. A. Maurer,  
 P. F. McLaughlin,  M. F. S. J. Menger,  J.-M. Mewes,  S. A. Mewes,  
 P. Morgante,  Mohammad Mostafanejad,  J. W. Mullinax,  K. J. Oosterbaan,  
 G. Paran,  V. Parravicini,  Alexander C. Paul,  Suranjan K. Paul,  
 F. Pavosevic,  Zheng Pei,  S. Prager,  E. I. Proynov,  E. Ramos,  B. Rana,  
 A. E. Rask,  A. Rettig,  R. M. Richard,  F. Rob,  E. Rossomme,  T. Scheele,  
 M. Scheurer,  M. Schneider,  P. E. Schneider,  Tim K. Schramm,  N. Sergueev,  
 S. M. Sharada,  M. Sharma,  Hengyuan Shen,  W. Skomorowski,  D. W. Small,  
 C. J. Stein,  Alistair J. Sterling,  Yingli Su,  Yu-Chuan Su,  
 E. J. Sundstrom,  J. Talbot,  Zhen Tao,  J. Thirman,  Hung-Yi Tsai,  
 T. Tsuchimochi,  N. M. Tubman,  C. Utku,  S. P. Veccham,  O. Vydrov,  
 J. Wenzel,  Jonathan Wong,  J. Witte,  A. Yamada,  Chou-Hsun Yang,  Kun Yao,  
 S. Yeganeh,  S. R. Yost,  A. Zech,  F. Zeller,  Igor Ying Zhang,  
 Xing Zhang,  Yu Zhang,  D. Zuev,  A. Aspuru-Guzik,  A. T. Bell,  
 N. A. Besley,  K. B. Bravaya,  B. R. Brooks,  D. Casanova,  Jeng-Da Chai,  
 Hsing-Ta Chen,  S. Coriani,  C. J. Cramer,  A. E. DePrince, III,  
 R. A. DiStasio Jr.,  A. Dreuw,  B. D. Dunietz,  T. R. Furlani,  
 W. A. Goddard III,  S. Grimme,  S. Hammes-Schiffer,  T. Head-Gordon,  
 W. J. Hehre,  Chao-Ping Hsu,  T.-C. Jagau,  Yousung Jung,  A. Klamt,  
 Jing Kong,  D. S. Lambrecht,  Xiangyuan Li,  WanZhen Liang,  N. J. Mayhall,  
 C. W. McCurdy,  J. B. Neaton,  T. Neudecker,  C. Ochsenfeld,  
 J. A. Parkhill,  R. Peverati,  V. A. Rassolov,  Haisheng Ren,  Yihan Shao,  
 L. V. Slipchenko,  R. P. Steele,  J. E. Subotnik,  A. J. W. Thom,  
 A. Tkatchenko,  D. G. Truhlar,  T. Van Voorhis,  Fan Wang,  
 T. A. Wesolowski,  K. B. Whaley,  H. L. Woodcock III,  P. M. Zimmerman,  
 S. Faraji,  P. M. W. Gill,  M. Head-Gordon,  J. M. Herbert,  A. I. Krylov

 Contributors to earlier versions of Q-Chem not listed above: 
 R. D. Adamson,  B. Austin,  R. Baer,  J. Baker,  G. J. O. Beran,  
 K. Brandhorst,  S. T. Brown,  E. F. C. Byrd,  Arup K. Chakraborty,  
 G. K. L. Chan,  Chun-Min Chang,  Yunqing Chen,  C.-L. Cheng,  
 Siu Hung Chien,  D. M. Chipman,  D. L. Crittenden,  H. Dachsel,  
 R. J. Doerksen,  A. D. Dutoi,  R. G. Edgar,  J. Fosso-Tande,  
 L. Fusti-Molnar,  D. Ghosh,  A. Ghysels,  A. Golubeva-Zadorozhnaya,  
 J. Gonthier,  M. S. Gordon,  S. R. Gwaltney,  G. Hawkins,  J. E. Herr,  
 A. Heyden,  S. Hirata,  E. G. Hohenstein,  G. Kedziora,  F. J. Keil,  
 C. Kelley,  Jihan Kim,  R. A. King,  R. Z. Khaliullin,  P. P. Korambath,  
 W. Kurlancheek,  A. Laurent,  A. M. Lee,  M. S. Lee,  S. V. Levchenko,  
 Ching Yeh Lin,  D. Liotard,  E. Livshits,  R. C. Lochan,  I. Lotan,  
 L. A. Martinez-Martinez,  P. E. Maslen,  N. Nair,  D. P. O'Neill,  
 D. Neuhauser,  E. Neuscamman,  C. M. Oana,  R. Olivares-Amaya,  R. Olson,  
 T. M. Perrine,  B. Peters,  P. A. Pieniazek,  A. Prociuk,  Y. M. Rhee,  
 J. Ritchie,  M. A. Rohrdanz,  E. Rosta,  N. J. Russ,  H. F. Schaefer III,  
 M. W. Schmidt,  N. E. Schultz,  S. Sharma,  N. Shenvi,  C. D. Sherrill,  
 A. C. Simmonett,  A. Sodt,  T. Stein,  D. Stuck,  K. S. Thanthiriwatte,  
 V. Vanovschi,  L. Vogt,  Tao Wang,  A. Warshel,  M. A. Watson,  
 C. F. Williams,  Q. Wu,  X. Xu,  Jun Yang,  W. Zhang,  Yan Zhao

   Please cite Q-Chem as follows:
  "Software for the frontiers of quantum chemistry:
   An overview of developments in the Q-Chem 5 package"
   J. Chem. Phys. 155, 084801 (2021)
   https://doi.org/10.1063/5.0055522 (open access)

 Q-Chem 6.1.1 for Intel X86 EM64T Linux

 Parts of Q-Chem use Armadillo 9.900.5 (Nocturnal Misbehaviour).
 http://arma.sourceforge.net/

 Q-Chem begins on Fri Feb 13 22:28:49 2026  

 Host: 
0

     Scratch files written to /tmp/qchem4084566//
 Jan1824 |scratch|qcdevops|jenkins|workspace|build_RNUM 8286   
 Processing $rem in /opt/apps/qchem6/config/preferences:
 Processing $rem in /home/rpaton/.qchemrc:

 Checking the input file for inconsistencies... 	...done.

--------------------------------------------------------------
User input:
--------------------------------------------------------------
$molecule
0 1
O         -4.44570       -1.00320        0.41130
O         -2.40050       -1.91140        0.05310
C          3.90240       -0.44110        0.03620
C          3.14860        0.81940       -0.43130
C          1.65280        0.73930       -0.24720
C         -1.09460        0.59350        0.09010
C         -2.57280        0.51520        0.27190
C          3.60760       -0.77600        1.50050
C          3.52390       -1.62990       -0.85050
C          0.86900        0.22810       -1.26950
C          1.08970        1.17910        0.94050
C         -0.51350        0.15490       -1.09980
C         -0.29290        1.10570        1.11020
C         -3.37360        1.34950       -0.74860
C         -3.10040       -0.92330        0.23320
H          4.97750       -0.25270       -0.07350
H          3.37890        1.02420       -1.48540
H          3.52980        1.69070        0.11820
H         -2.82430        0.88960        1.27390
H          2.57940       -1.11670        1.65740
H          3.79580        0.08790        2.14620
H          4.26580       -1.58490        1.83750
H          4.17780       -2.48140       -0.63010
H          2.49640       -1.96880       -0.68630
H          3.64940       -1.38950       -1.91150
H          1.30840       -0.10990       -2.20350
H          1.70240        1.58550        1.73980
H         -1.12080       -0.24490       -1.90750
H         -0.72900        1.45340        2.04300
H         -3.00120        2.37920       -0.78400
H         -3.30320        0.92940       -1.75820
H         -4.43570        1.38950       -0.48350
H         -4.76390       -1.93050        0.37820
$end

$rem
METHOD        B3LYP             ! Specify the desired DFT functional
BASIS         6-31G*            ! Specify the basis set
DFT_D         D3_BJ             ! Enable the DFT-D3(BJ) empirical dispersion correction
JOB_TYPE      SP                ! Request a single-point energy calculation
$end
--------------------------------------------------------------
 Adding empirical dispersion correction 
 ----------------------------------------------------------------
 Doing -D3(BJ) with
 s6  =   1.00000
 s8  =   1.98890
 a1  =   0.39810
 a2  =   4.42110
 ----------------------------------------------------------------
 -D3 energy without 3body term =     -0.0635825846 hartrees
 ----------------------------------------------------------------
             Standard Nuclear Orientation (Angstroms)
    I     Atom           X                Y                Z
 ----------------------------------------------------------------
    1      O       4.4462574226     1.0042346037     0.4725154447
    2      O       2.3906568728     1.8941507083     0.1282288978
    3      C      -3.8900362350     0.3354983393     0.0181698810
    4      C      -3.1148540860    -0.8986153281    -0.4835143144
    5      C      -1.6216804597    -0.8031167692    -0.2859314032
    6      C       1.1209205617    -0.6290058927     0.0760917041
    7      C       2.5965384276    -0.5354837358     0.2711888336
    8      C      -3.6102591398     0.6277816892     1.4944946286
    9      C      -3.5226505549     1.5571928116    -0.8275457676
   10      C      -0.8383016420    -0.2485201314    -1.2856840563
   11      C      -1.0605111073    -1.2724353663     0.8913391487
   12      C       0.5417861246    -0.1610729439    -1.1035485967
   13      C       0.3196737520    -1.1847868759     1.0734816923
   14      C       3.4163751424    -1.3253837650    -0.7693317500
   15      C       3.1035199910     0.9108887985     0.2820463914
   16      H      -4.9615117633     0.1353901856    -0.1053840714
   17      H      -3.3348623809    -1.0730167141    -1.5452527222
   18      H      -3.4871997644    -1.7923074727     0.0352345906
   19      H       2.8464870971    -0.9379695551     1.2626334553
   20      H      -2.5882085066     0.9779266144     1.6697098523
   21      H      -3.7904027996    -0.2588279626     2.1110516229
   22      H      -4.2824143541     1.4160860285     1.8521244463
   23      H      -4.1903155573     2.3918441621    -0.5850706396
   24      H      -2.5013243234     1.9052964829    -0.6450966981
   25      H      -3.6373093493     1.3489256000    -1.8965366653
   26      H      -1.2760701374     0.1127465862    -2.2117064445
   27      H      -1.6727846933    -1.7127597859     1.6727981696
   28      H       1.1488140811     0.2728459607    -1.8936524280
   29      H       0.7542913621    -1.5557565024     1.9979725843
   30      H       3.0591703439    -2.3586353608    -0.8401334564
   31      H       3.3468943980    -0.8744040509    -1.7655857606
   32      H       4.4770819069    -1.3586686334    -0.4978033034
   33      H       4.7512254295     1.9365569385     0.4712043793
 ----------------------------------------------------------------
 Molecular Point Group                 C1    NOp =  1
 Largest Abelian Subgroup              C1    NOp =  1
 Nuclear Repulsion Energy =         985.44338767 hartrees
 There are       56 alpha and       56 beta electrons
 Requested basis set is 6-31G(d)
 There are 96 shells and 261 basis functions

 Total QAlloc Memory Limit   8000 MB
 Mega-Array Size       188 MB
 MEM_STATIC part       192 MB

 A cutoff of  1.0D-09 yielded   3032 shell pairs
 There are     23925 function pairs
 Smallest overlap matrix eigenvalue = 4.18E-04

 Scale SEOQF with 1.000000e-01/1.000000e-01/1.000000e-01

 Standard Electronic Orientation quadrupole field applied
 Nucleus-field energy     =     0.0000000325 hartrees
 Guess from superposition of atomic densities
 Warning:  Energy on first SCF cycle will be non-variational
 SAD guess density has 112.000000 electrons

 -----------------------------------------------------------------------
  General SCF calculation program by
  Eric Jon Sundstrom, Paul Horn, Yuezhi Mao, Dmitri Zuev, Alec White,
  David Stuck, Shaama M.S., Shane Yost, Joonho Lee, David Small,
  Daniel Levine, Susi Lehtola, Hugh Burton, Evgeny Epifanovsky,
  Bang C. Huynh
 -----------------------------------------------------------------------
 Exchange:     0.2000 Hartree-Fock + 0.0800 Slater + 0.7200 B88
 Correlation:  0.1900 VWN1RPA + 0.8100 LYP
 Using SG-1 standard quadrature grid
 Dispersion:   Grimme D3
 using 16 threads for integral computing
 -------------------------------------------------------
 OpenMP Integral computing Module                
 Release: version 1.0, May 2013, Q-Chem Inc. Pittsburgh 
 -------------------------------------------------------
 A restricted SCF calculation will be
 performed using DIIS
 SCF converges when DIIS error is below 1.0e-05
 ---------------------------------------
  Cycle       Energy         DIIS error
 ---------------------------------------
    1    -659.7567651043      4.90e-02  
    2    -656.4265060613      6.33e-03  
    3    -656.1308062329      9.25e-03  
    4    -656.7134113687      2.48e-03  
    5    -656.7552032935      4.77e-04  
    6    -656.7563910535      2.05e-04  
    7    -656.7566664883      5.10e-05  
    8    -656.7566836266      1.71e-05  
    9    -656.7566859428      5.59e-06  Convergence criterion met
 ---------------------------------------
 SCF time:   CPU 35.00s  wall 2.00s 
 SCF   energy =  -656.75668594
 Total energy =  -656.75668594
 
 --------------------------------------------------------------
 
                    Orbital Energies (a.u.)
 --------------------------------------------------------------
 
 Alpha MOs
 -- Occupied --
-19.1970 -19.1342 -10.3194 -10.2096 -10.1882 -10.1851 -10.1839 -10.1836
-10.1833 -10.1816 -10.1795 -10.1789 -10.1755 -10.1643 -10.1629  -1.0963
 -1.0057  -0.8600  -0.8167  -0.7898  -0.7409  -0.7357  -0.6765  -0.6736
 -0.6616  -0.6131  -0.6040  -0.5680  -0.5491  -0.4970  -0.4908  -0.4727
 -0.4642  -0.4525  -0.4482  -0.4437  -0.4232  -0.4208  -0.4166  -0.4057
 -0.4015  -0.3827  -0.3737  -0.3716  -0.3654  -0.3519  -0.3506  -0.3416
 -0.3337  -0.3209  -0.3163  -0.3138  -0.3072  -0.2673  -0.2427  -0.2305
 -- Virtual --
  0.0021   0.0060   0.0103   0.0688   0.0855   0.1026   0.1141   0.1280
  0.1368   0.1383   0.1492   0.1613   0.1647   0.1693   0.1729   0.1773
  0.1803   0.1890   0.1946   0.2088   0.2139   0.2192   0.2297   0.2361
  0.2417   0.2585   0.2705   0.2774   0.2929   0.3182   0.3402   0.3474
  0.3496   0.3652   0.3895   0.4826   0.5041   0.5119   0.5162   0.5213
  0.5323   0.5351   0.5401   0.5534   0.5576   0.5621   0.5732   0.5954
  0.6000   0.6038   0.6177   0.6238   0.6364   0.6497   0.6579   0.6622
  0.6858   0.7029   0.7196   0.7247   0.7358   0.7423   0.7516   0.7614
  0.7731   0.7905   0.7944   0.8123   0.8275   0.8338   0.8389   0.8468
  0.8590   0.8649   0.8690   0.8885   0.8980   0.9086   0.9099   0.9221
  0.9276   0.9285   0.9302   0.9369   0.9527   0.9591   0.9664   0.9779
  0.9886   1.0035   1.0045   1.0120   1.0205   1.0464   1.0605   1.0698
  1.1070   1.1203   1.1254   1.1578   1.1948   1.2225   1.2478   1.2653
  1.2796   1.3088   1.3591   1.3888   1.4031   1.4308   1.4489   1.4509
  1.4619   1.4675   1.4835   1.5167   1.5172   1.5464   1.5768   1.5904
  1.6408   1.6702   1.7123   1.7217   1.7338   1.7576   1.7803   1.7877
  1.8155   1.8178   1.8370   1.8543   1.8671   1.8739   1.8888   1.9017
  1.9106   1.9228   1.9608   1.9695   1.9812   1.9871   1.9942   2.0375
  2.0533   2.0729   2.0862   2.0964   2.1105   2.1133   2.1574   2.1717
  2.1846   2.1906   2.2281   2.2516   2.2584   2.2803   2.2865   2.2909
  2.3154   2.3221   2.3506   2.3672   2.3725   2.3895   2.4123   2.4622
  2.4921   2.5076   2.5151   2.5707   2.5811   2.6116   2.6361   2.6628
  2.6834   2.7163   2.7283   2.7510   2.7905   2.8108   2.8316   2.8751
  2.9005   2.9340   3.0004   3.0943   3.1396   3.4435   3.8399   4.0856
  4.1353   4.1438   4.1599   4.2374   4.2599   4.3034   4.3257   4.3540
  4.3882   4.4912   4.6070   4.6418   4.7655
 --------------------------------------------------------------
 
          Ground-State Mulliken Net Atomic Charges

     Atom                 Charge (a.u.)
  ----------------------------------------
      1 O                    -0.576377
      2 O                    -0.461057
      3 C                    -0.054456
      4 C                    -0.354146
      5 C                     0.171233
      6 C                     0.210693
      7 C                    -0.285204
      8 C                    -0.448725
      9 C                    -0.449551
     10 C                    -0.182064
     11 C                    -0.171857
     12 C                    -0.156863
     13 C                    -0.197092
     14 C                    -0.447728
     15 C                     0.587528
     16 H                     0.122901
     17 H                     0.134768
     18 H                     0.132243
     19 H                     0.166042
     20 H                     0.160456
     21 H                     0.132787
     22 H                     0.138175
     23 H                     0.136922
     24 H                     0.161053
     25 H                     0.132651
     26 H                     0.128222
     27 H                     0.125871
     28 H                     0.128068
     29 H                     0.122412
     30 H                     0.158435
     31 H                     0.153575
     32 H                     0.167617
     33 H                     0.413469
  ----------------------------------------
  Sum of atomic charges =     0.000000

 -----------------------------------------------------------------
                    Cartesian Multipole Moments
 -----------------------------------------------------------------
    Charge (ESU x 10^10)
                 0.0000
    Dipole Moment (Debye)
         X       0.9932      Y      -0.9292      Z       0.0790
       Tot       1.3624
    Quadrupole Moments (Debye-Ang)
        XX     -78.3078     XY       3.1130     YY     -92.1808
        XZ       0.7618     YZ      -1.6169     ZZ     -86.9129
    Octopole Moments (Debye-Ang^2)
       XXX      69.0572    XXY      32.2231    XYY      23.2276
       YYY      13.8331    XXZ       2.9298    XYZ       3.3208
       YYZ       7.7754    XZZ      13.0426    YZZ       2.8789
       ZZZ      -0.0373
    Hexadecapole Moments (Debye-Ang^3)
      XXXX   -4117.4477   XXXY     229.6564   XXYY    -745.8970
      XYYY      66.7637   YYYY    -740.2887   XXXZ      22.0761
      XXYZ      19.2831   XYYZ       8.1597   YYYZ       6.2829
      XXZZ    -810.9210   XYZZ      21.2402   YYZZ    -208.5954
      XZZZ      19.8368   YZZZ      -9.4183   ZZZZ    -527.6398
 -----------------------------------------------------------------
 Total job time:  2.36s(wall), 36.56s(cpu) 
 Fri Feb 13 22:28:51 2026

        *************************************************************
        *                                                           *
        *  Thank you very much for using Q-Chem.  Have a nice day.  *
        *                                                           *
        *************************************************************


remove work dirs /tmp/qchem4084566.0 -- /tmp/qchem4084566.0
rm -rf /tmp/qchem4084566.0
rm -rf /tmp/qchem4084566
